CCS PCH C Compiler, Version 5.008, 5967               09-mar.-18 17:56

               Filename:   C:\Users\aulas\Desktop\Pruebas\ccs4.lst

               ROM used:   100 bytes (0%)
                           Largest free fragment is 30616
               RAM used:   5 (0%) at main() level
                           6 (0%) worst case
               Stack used: 1 locations
               Stack size: 31

*
0800:  GOTO   0830
.................... #include <tarjeta.h> 
....................  
.................... #ifndef _TARJETA_ 
.................... #define _TARJETA_ 
....................  
.................... #include <18F4550.h> 
.................... //////// Standard Header file for the PIC18F4550 device //////////////// 
.................... #device PIC18F4550 
....................  
.................... #list 
....................  
....................  
.................... #fuses USBDIV, CPUDIV1, PLL5, HSPLL, NOFCMEN, NOIESO, VREGEN, BORV21, BROWNOUT, NOPUT, WDT32768, NOWDT 
.................... #fuses MCLR, NOLPT1OSC, NOPBADEN, CCP2C1, NODEBUG, NOXINST, NOICPRT, NOLVP, STVREN, NOPROTECT, NOCPD 
.................... #fuses NOCPB, NOWRT, NOWRTD, WRTB, NOWRTC, NOEBTR, NOEBTRB 
....................  
.................... /*********************************************************** 
....................       EVITAMOS LA ZONA DE MEMORIA ASIGNADA AL MONITOR 
.................... ***********************************************************/ 
....................  
.................... #define LOADER_END   0x7FF 
.................... #define LOADER_SIZE   0x6FF 
....................  
.................... #build(reset=LOADER_END+1, interrupt=LOADER_END+9) 
.................... #org 0, LOADER_END {} 
.................... //#org 0x82A, 0x7FFF 
....................  
....................  
.................... /*********************************************************** 
....................            FUNCIONES PARA MOVER LOS MOTORES 
.................... MX_H() : Mueve el motor en sentido horario 
.................... MX_A() : Mueve el motor en sentido anti-horario 
.................... MX_P() : Para el motor 
.................... ***********************************************************/ 
....................  
.................... void M1_A(){ 
....................    output_high(PIN_A1); 
....................    output_high(PIN_D7); 
....................    output_low(PIN_D6); 
.................... } 
....................  
.................... void M1_H(){ 
....................    output_high(PIN_A1); 
....................    output_low(PIN_D7); 
....................    output_high(PIN_D6); 
.................... } 
....................  
.................... void M1_P(){ 
....................    output_high(PIN_A1); 
....................    output_low(PIN_D7); 
....................    output_low(PIN_D6); 
.................... } 
....................  
.................... void M2_A(){ 
....................    output_high(PIN_A0); 
....................    output_high(PIN_C2); 
....................    output_low(PIN_D5); 
.................... } 
....................  
.................... void M2_H(){ 
....................    output_high(PIN_A0); 
....................    output_low(PIN_C2); 
....................    output_high(PIN_D5); 
.................... } 
....................  
.................... void M2_P(){ 
....................    output_high(PIN_A0); 
....................    output_low(PIN_C2); 
....................    output_low(PIN_D5); 
.................... } 
....................  
.................... void M3_A(){ 
....................    output_high(PIN_A2); 
....................    output_low(PIN_B2); 
....................    output_high(PIN_E0); 
.................... } 
....................  
.................... void M3_H(){ 
....................    output_high(PIN_A2); 
....................    output_high(PIN_B2); 
....................    output_low(PIN_E0); 
.................... } 
....................  
.................... void M3_P(){ 
....................    output_high(PIN_A2); 
....................    output_low(PIN_B2); 
....................    output_low(PIN_E0); 
.................... } 
....................  
.................... void M4_A(){ 
....................    output_high(PIN_A3); 
....................    output_low(PIN_E2); 
....................    output_high(PIN_E1); 
.................... } 
....................  
.................... void M4_H(){ 
....................    output_high(PIN_A3); 
....................    output_high(PIN_E2); 
....................    output_low(PIN_E1); 
.................... } 
....................  
.................... void M4_P(){ 
....................    output_high(PIN_A3); 
....................    output_low(PIN_E2); 
....................    output_low(PIN_E1); 
.................... } 
....................  
....................  
.................... /*********************************************************** 
....................             MACRO PARA LEER EL PULSADOR P2 
.................... ***********************************************************/ 
....................  
.................... #define P2   (!input(PIN_B4)) 
....................  
.................... /*********************************************************** 
....................               MACROS PARA MANEJAR EL LED 
.................... ***********************************************************/ 
....................  
.................... #define led_on()   output_high(PIN_A5) 
.................... #define led_off()   output_low(PIN_A5) 
....................  
.................... /*********************************************************** 
....................            DEFINICION DE LAS E/S DIRECTAS 
.................... ***********************************************************/ 
....................  
.................... #define ES0   PIN_A4 
.................... #define ES1   PIN_B3 
.................... #define ES2   PIN_B5 
.................... #define ES3   PIN_B6 
.................... #define ES4   PIN_B7 
.................... #define ES5   PIN_C7 
.................... #define ES6   PIN_C6 
.................... #define ES7   PIN_C1 
.................... #define ES8   PIN_C0 
....................  
.................... /*********************************************************** 
....................         MACROS PARA LEER LOS SENSORES FIJOS INX 
.................... ***********************************************************/ 
....................  
.................... #define IN1      input(PIN_D0) 
.................... #define IN2      input(PIN_D1) 
.................... #define IN3      input(PIN_D2) 
.................... #define IN4      input(PIN_D3) 
.................... #define IN5      input(PIN_D4) 
.................... //IN6 ES UNA E/S CONFIGURABLE 
.................... //#define IN6      input(ES0) 
.................... //#define IN6      input(ES1) 
.................... // ... O CUALQUIER OTRA E/S DIRECTA 
....................  
.................... /*********************************************************** 
....................             DIRECTIVA PARA EL USO DEL I2C 
.................... ***********************************************************/ 
.................... #use I2C(master, sda=PIN_B0, scl=PIN_B1) 
....................  
.................... #endif 
....................  
....................  
.................... #use delay (clock=48000000) 
*
0808:  CLRF   FEA
080A:  MOVLW  06
080C:  MOVWF  FE9
080E:  MOVF   FEF,W
0810:  BZ    082E
0812:  MOVLW  0F
0814:  MOVWF  01
0816:  CLRF   00
0818:  DECFSZ 00,F
081A:  BRA    0818
081C:  DECFSZ 01,F
081E:  BRA    0816
0820:  MOVLW  8F
0822:  MOVWF  00
0824:  DECFSZ 00,F
0826:  BRA    0824
0828:  NOP   
082A:  DECFSZ FEF,F
082C:  BRA    0812
082E:  RETURN 0
....................  
.................... void main(){ 
0830:  CLRF   FF8
0832:  BCF    FD0.7
0834:  MOVF   FC1,W
0836:  ANDLW  C0
0838:  IORLW  0F
083A:  MOVWF  FC1
083C:  MOVLW  07
083E:  MOVWF  FB4
....................     
....................       
....................    while(TRUE){ 
....................       led_on(); 
0840:  BCF    F92.5
0842:  BSF    F89.5
....................       delay_ms(1000); 
0844:  MOVLW  04
0846:  MOVWF  05
0848:  MOVLW  FA
084A:  MOVWF  06
084C:  RCALL  0808
084E:  DECFSZ 05,F
0850:  BRA    0848
....................       led_off(); 
0852:  BCF    F92.5
0854:  BCF    F89.5
....................       delay_ms(1000); 
0856:  MOVLW  04
0858:  MOVWF  05
085A:  MOVLW  FA
085C:  MOVWF  06
085E:  RCALL  0808
0860:  DECFSZ 05,F
0862:  BRA    085A
0864:  BRA    0840
....................    } 
.................... } 
0866:  SLEEP 

Configuration Fuses:
   Word  1: 0E24   PLL5 CPUDIV1 USBDIV HSPLL NOFCMEN NOIESO
   Word  2: 1E3F   NOPUT BROWNOUT BORV21 VREGEN NOWDT WDT32768
   Word  3: 8100   CCP2C1 NOPBADEN NOLPT1OSC MCLR
   Word  4: 0081   STVREN NOLVP ICSP1 NOXINST NODEBUG
   Word  5: C00F   NOPROTECT NOCPB NOCPD
   Word  6: A00F   NOWRT NOWRTC WRTB NOWRTD
   Word  7: 400F   NOEBTR NOEBTRB
