CCS PCH C Compiler, Version 5.008, 5967               17-abr.-18 19:10

               Filename:   C:\Users\pPabl\Desktop\tochi\examples\lapa.lst

               ROM used:   372 bytes (1%)
                           Largest free fragment is 30344
               RAM used:   27 (1%) at main() level
                           27 (1%) worst case
               Stack used: 2 locations (0 in main + 2 for interrupts)
               Stack size: 31

*
0800:  GOTO   0906
*
0808:  MOVWF  04
080A:  MOVFF  FD8,05
080E:  MOVFF  FE0,06
0812:  MOVLB  0
0814:  MOVFF  FE9,0C
0818:  MOVFF  FEA,07
081C:  MOVFF  FE1,08
0820:  MOVFF  FE2,09
0824:  MOVFF  FD9,0A
0828:  MOVFF  FDA,0B
082C:  MOVFF  FF3,12
0830:  MOVFF  FF4,13
0834:  MOVFF  FFA,14
0838:  MOVFF  00,0E
083C:  MOVFF  01,0F
0840:  MOVFF  02,10
0844:  MOVFF  03,11
0848:  BTFSS  FF2.5
084A:  GOTO   0854
084E:  BTFSC  FF2.2
0850:  GOTO   08CE
0854:  MOVFF  0E,00
0858:  MOVFF  0F,01
085C:  MOVFF  10,02
0860:  MOVFF  11,03
0864:  MOVFF  0C,FE9
0868:  MOVFF  07,FEA
086C:  BSF    07.7
086E:  MOVFF  08,FE1
0872:  MOVFF  09,FE2
0876:  MOVFF  0A,FD9
087A:  MOVFF  0B,FDA
087E:  MOVFF  12,FF3
0882:  MOVFF  13,FF4
0886:  MOVFF  14,FFA
088A:  MOVF   04,W
088C:  MOVFF  06,FE0
0890:  MOVFF  05,FD8
0894:  RETFIE 0
.................... #include <tarjeta.h> 
....................  
.................... #ifndef _TARJETA_ 
.................... #define _TARJETA_ 
....................  
.................... #include <18F4550.h> 
.................... //////// Standard Header file for the PIC18F4550 device //////////////// 
.................... #device PIC18F4550 
....................  
.................... #list 
....................  
....................  
.................... #fuses USBDIV, CPUDIV1, PLL5, HSPLL, NOFCMEN, NOIESO, VREGEN, BORV21, BROWNOUT, NOPUT, WDT32768, NOWDT 
.................... #fuses MCLR, NOLPT1OSC, NOPBADEN, CCP2C1, NODEBUG, NOXINST, NOICPRT, NOLVP, STVREN, NOPROTECT, NOCPD 
.................... #fuses NOCPB, NOWRT, NOWRTD, WRTB, NOWRTC, NOEBTR, NOEBTRB 
....................  
.................... /*********************************************************** 
....................       EVITAMOS LA ZONA DE MEMORIA ASIGNADA AL MONITOR 
.................... ***********************************************************/ 
....................  
.................... #define LOADER_END   0x7FF 
.................... #define LOADER_SIZE   0x6FF 
....................  
.................... #build(reset=LOADER_END+1, interrupt=LOADER_END+9) 
.................... #org 0, LOADER_END {} 
.................... //#org 0x82A, 0x7FFF 
....................  
....................  
.................... /*********************************************************** 
....................            FUNCIONES PARA MOVER LOS MOTORES 
.................... MX_H() : Mueve el motor en sentido horario 
.................... MX_A() : Mueve el motor en sentido anti-horario 
.................... MX_P() : Para el motor 
.................... ***********************************************************/ 
....................  
.................... void M1_A(){ 
....................    output_high(PIN_A1); 
*
08A4:  BCF    F92.1
08A6:  BSF    F89.1
....................    output_high(PIN_D7); 
08A8:  BCF    F95.7
08AA:  BSF    F8C.7
....................    output_low(PIN_D6); 
08AC:  BCF    F95.6
08AE:  BCF    F8C.6
08B0:  RETURN 0
.................... } 
....................  
.................... void M1_H(){ 
....................    output_high(PIN_A1); 
....................    output_low(PIN_D7); 
....................    output_high(PIN_D6); 
.................... } 
....................  
.................... void M1_P(){ 
....................    output_high(PIN_A1); 
08B2:  BCF    F92.1
08B4:  BSF    F89.1
....................    output_low(PIN_D7); 
08B6:  BCF    F95.7
08B8:  BCF    F8C.7
....................    output_low(PIN_D6); 
08BA:  BCF    F95.6
08BC:  BCF    F8C.6
08BE:  RETURN 0
.................... } 
....................  
.................... void M2_A(){ 
....................    output_high(PIN_A0); 
....................    output_high(PIN_C2); 
....................    output_low(PIN_D5); 
.................... } 
....................  
.................... void M2_H(){ 
....................    output_high(PIN_A0); 
08C0:  BCF    F92.0
08C2:  BSF    F89.0
....................    output_low(PIN_C2); 
08C4:  BCF    F94.2
08C6:  BCF    F8B.2
....................    output_high(PIN_D5); 
08C8:  BCF    F95.5
08CA:  BSF    F8C.5
08CC:  RETURN 0
.................... } 
....................  
.................... void M2_P(){ 
....................    output_high(PIN_A0); 
*
0896:  BCF    F92.0
0898:  BSF    F89.0
....................    output_low(PIN_C2); 
089A:  BCF    F94.2
089C:  BCF    F8B.2
....................    output_low(PIN_D5); 
089E:  BCF    F95.5
08A0:  BCF    F8C.5
08A2:  RETURN 0
.................... } 
....................  
.................... void M3_A(){ 
....................    output_high(PIN_A2); 
....................    output_low(PIN_B2); 
....................    output_high(PIN_E0); 
.................... } 
....................  
.................... void M3_H(){ 
....................    output_high(PIN_A2); 
....................    output_high(PIN_B2); 
....................    output_low(PIN_E0); 
.................... } 
....................  
.................... void M3_P(){ 
....................    output_high(PIN_A2); 
....................    output_low(PIN_B2); 
....................    output_low(PIN_E0); 
.................... } 
....................  
.................... void M4_A(){ 
....................    output_high(PIN_A3); 
....................    output_low(PIN_E2); 
....................    output_high(PIN_E1); 
.................... } 
....................  
.................... void M4_H(){ 
....................    output_high(PIN_A3); 
....................    output_high(PIN_E2); 
....................    output_low(PIN_E1); 
.................... } 
....................  
.................... void M4_P(){ 
....................    output_high(PIN_A3); 
....................    output_low(PIN_E2); 
....................    output_low(PIN_E1); 
.................... } 
....................  
....................  
.................... /*********************************************************** 
....................             MACRO PARA LEER EL PULSADOR P2 
.................... ***********************************************************/ 
....................  
.................... #define P2   (!input(PIN_B4)) 
....................  
.................... /*********************************************************** 
....................               MACROS PARA MANEJAR EL LED 
.................... ***********************************************************/ 
....................  
.................... #define led_on()   output_high(PIN_A5) 
.................... #define led_off()   output_low(PIN_A5) 
....................  
.................... /*********************************************************** 
....................            DEFINICION DE LAS E/S DIRECTAS 
.................... ***********************************************************/ 
....................  
.................... #define ES0   PIN_A4 
.................... #define ES1   PIN_B3 
.................... #define ES2   PIN_B5 
.................... #define ES3   PIN_B6 
.................... #define ES4   PIN_B7 
.................... #define ES5   PIN_C7 
.................... #define ES6   PIN_C6 
.................... #define ES7   PIN_C1 
.................... #define ES8   PIN_C0 
....................  
.................... /*********************************************************** 
....................         MACROS PARA LEER LOS SENSORES FIJOS INX 
.................... ***********************************************************/ 
....................  
.................... #define IN1      input(PIN_D0) 
.................... #define IN2      input(PIN_D1) 
.................... #define IN3      input(PIN_D2) 
.................... #define IN4      input(PIN_D3) 
.................... #define IN5      input(PIN_D4) 
.................... //IN6 ES UNA E/S CONFIGURABLE 
.................... //#define IN6      input(ES0) 
.................... //#define IN6      input(ES1) 
.................... // ... O CUALQUIER OTRA E/S DIRECTA 
....................  
.................... /*********************************************************** 
....................             DIRECTIVA PARA EL USO DEL I2C 
.................... ***********************************************************/ 
.................... #use I2C(master, sda=PIN_B0, scl=PIN_B1) 
....................  
.................... #endif 
....................  
....................  
....................  
.................... // flags para controlar los movimientos  
.................... int stop = 0, 
....................     stop_izq = 0,  
....................     parar = 0; 
.................... int aux  = 0; 
.................... int pwm = 90; 
....................  
....................  
....................  
....................  
.................... #INT_TIMER0 
.................... void isr_tmr0(){ 
....................    set_timer0(65067); 
*
08CE:  MOVLW  FE
08D0:  MOVWF  FD7
08D2:  MOVLW  2B
08D4:  MOVWF  FD6
....................    if(aux <= pwm){ 
08D6:  MOVF   19,W
08D8:  SUBWF  1A,W
08DA:  BNC   08FE
....................         if(stop) { // activado el bumper derecho  
08DC:  MOVF   16,F
08DE:  BZ    08E6
....................          M2_P();  
08E0:  RCALL  0896
....................          M1_A();  
08E2:  RCALL  08A4
....................         }else if(stop_izq){ // activo el bumber izquierdo 
08E4:  BRA    08FE
08E6:  MOVF   17,F
08E8:  BZ    08F0
....................          M1_P();  
08EA:  RCALL  08B2
....................          M2_H();  
08EC:  RCALL  08C0
....................         }else if(parar){ // PARADLO TODO!  
08EE:  BRA    08FE
08F0:  MOVF   18,F
08F2:  BZ    08FA
....................          M1_P();  
08F4:  RCALL  08B2
....................          M2_P();  
08F6:  RCALL  0896
....................         } else{ // todos avanzar  
08F8:  BRA    08FE
....................          M1_A(); 
08FA:  RCALL  08A4
....................          M2_H();  
08FC:  RCALL  08C0
....................         }         
....................    }else{ 
....................           
....................    } 
....................           
....................    aux++; 
08FE:  INCF   19,F
0900:  BCF    FF2.2
0902:  GOTO   0854
.................... } 
....................  
.................... void main(){ 
0906:  CLRF   FF8
0908:  BCF    FD0.7
090A:  BSF    07.7
090C:  CLRF   16
090E:  CLRF   17
0910:  CLRF   18
0912:  CLRF   19
0914:  MOVLW  5A
0916:  MOVWF  1A
0918:  MOVF   FC1,W
091A:  ANDLW  C0
091C:  IORLW  0F
091E:  MOVWF  FC1
0920:  MOVLW  07
0922:  MOVWF  FB4
....................    setup_timer_0(RTCC_INTERNAL); 
0924:  MOVLW  80
0926:  MOVWF  FD5
....................    enable_interrupts(INT_TIMER0); 
0928:  BSF    FF2.5
....................    enable_interrupts(GLOBAL);     
092A:  MOVLW  C0
092C:  IORWF  FF2,F
....................    while(TRUE){ 
....................       if (IN1) 
092E:  BSF    F95.0
0930:  BTFSS  F83.0
0932:  BRA    093C
....................       { 
....................          stop = 1; 
0934:  MOVLW  01
0936:  MOVWF  16
....................          stop_izq = 0;  
0938:  CLRF   17
....................       } else { 
093A:  BRA    0942
....................          stop_izq = 0;  
093C:  CLRF   17
....................          stop = 1;  
093E:  MOVLW  01
0940:  MOVWF  16
....................       } 
....................        
....................       if(IN3) { 
0942:  BSF    F95.2
0944:  BTFSS  F83.2
0946:  BRA    0950
....................          stop_izq = 1;  
0948:  MOVLW  01
094A:  MOVWF  17
....................          stop = 0;  
094C:  CLRF   16
....................       } 
094E:  BRA    0956
....................       else { 
....................          stop_izq = 0; 
0950:  CLRF   17
....................          stop = 1;  
0952:  MOVLW  01
0954:  MOVWF  16
....................       } 
....................        
....................       // Comprobar hemos pisado línea  
....................       if(IN4) parar = 0;  
0956:  BSF    F95.3
0958:  BTFSS  F83.3
095A:  BRA    0960
095C:  CLRF   18
095E:  BRA    0964
....................       else parar = 1;  
0960:  MOVLW  01
0962:  MOVWF  18
....................           
.................... //!      if(IN1) pwm = 0;  
.................... //!      else pwm = 127;  
....................       if(P2){ 
0964:  BSF    F93.4
0966:  BTFSC  F81.4
0968:  BRA    0974
....................          pwm += 10; 
096A:  MOVLW  0A
096C:  ADDWF  1A,F
....................          while (P2){}     
096E:  BSF    F93.4
0970:  BTFSS  F81.4
0972:  BRA    096E
....................       } 
0974:  BRA    092E
....................    } 
.................... } 
....................  
0976:  SLEEP 

Configuration Fuses:
   Word  1: 0E24   PLL5 CPUDIV1 USBDIV HSPLL NOFCMEN NOIESO
   Word  2: 1E3F   NOPUT BROWNOUT BORV21 VREGEN NOWDT WDT32768
   Word  3: 8100   CCP2C1 NOPBADEN NOLPT1OSC MCLR
   Word  4: 0081   STVREN NOLVP ICSP1 NOXINST NODEBUG
   Word  5: C00F   NOPROTECT NOCPB NOCPD
   Word  6: A00F   NOWRT NOWRTC WRTB NOWRTD
   Word  7: 400F   NOEBTR NOEBTRB
